// Jest Snapshot v1, https://goo.gl/fbAQLP

exports[`Marker should add listeners without handlers 1`] = `
Array [
  Array [
    "dragend",
    [Function],
  ],
  Array [
    "click",
    [Function],
  ],
  Array [
    "dblclick",
    [Function],
  ],
  Array [
    "rightclick",
    [Function],
  ],
  Array [
    "mouseout",
    [Function],
  ],
  Array [
    "mouseover",
    [Function],
  ],
  Array [
    "mousedown",
    [Function],
  ],
  Array [
    "mouseup",
    [Function],
  ],
  Array [
    "drag",
    [Function],
  ],
  Array [
    "dragstart",
    [Function],
  ],
  Array [
    "dragend",
    [Function],
  ],
  Array [
    "position_changed",
    [Function],
  ],
]
`;

exports[`Marker should set custom options on mount 1`] = `
Array [
  Array [
    Object {
      "animation": "BOUNCE",
      "clickable": true,
      "cursor": "pointer",
      "draggable": true,
      "icon": "https://url.to/icon.png",
      "label": "A",
      "opacity": 0.5,
      "optimized": false,
      "position": Object {
        "lat": 0,
        "lng": 1,
      },
      "shape": Object {
        "type": "foo",
      },
      "title": "Foo",
      "visible": false,
      "zIndex": 1000,
    },
  ],
]
`;

exports[`Marker should set default options on mount 1`] = `
Array [
  Array [
    Object {
      "animation": undefined,
      "clickable": undefined,
      "cursor": undefined,
      "draggable": undefined,
      "icon": undefined,
      "label": undefined,
      "opacity": undefined,
      "optimized": undefined,
      "position": Object {
        "lat": 0,
        "lng": 1,
      },
      "shape": undefined,
      "title": undefined,
      "visible": undefined,
      "zIndex": undefined,
    },
  ],
]
`;
